<?xml version="1.0" encoding="ISO-8859-1" ?>
<link_info>
   <banner>PRU Linker Unix v2.3.3</banner>
   <copyright>Copyright (c) 2012-2018 Texas Instruments Incorporated</copyright>
   <link_time>0x61fe5828</link_time>
   <link_errors>0x0</link_errors>
   <output_file>pru0-spi.out</output_file>
   <entry_point>
      <name>_c_int00_noinit_noargs</name>
      <address>0x0</address>
   </entry_point>
   <input_file_list>
      <input_file id="fl-2">
         <path>./</path>
         <kind>object</kind>
         <file>main.obj</file>
         <name>main.obj</name>
      </input_file>
      <input_file id="fl-17">
         <path>/home/nanker/ti/ccs1110/ccs/tools/compiler/ti-cgt-pru_2.3.3/lib/</path>
         <kind>archive</kind>
         <file>rtspruv3_le.lib</file>
         <name>cpy_tbl.c.obj</name>
      </input_file>
      <input_file id="fl-19">
         <path>/home/nanker/ti/ccs1110/ccs/tools/compiler/ti-cgt-pru_2.3.3/lib/</path>
         <kind>archive</kind>
         <file>rtspruv3_le.lib</file>
         <name>_lock.c.obj</name>
      </input_file>
      <input_file id="fl-1b">
         <path>/home/nanker/ti/ccs1110/ccs/tools/compiler/ti-cgt-pru_2.3.3/lib/</path>
         <kind>archive</kind>
         <file>rtspruv3_le.lib</file>
         <name>memset.c.obj</name>
      </input_file>
      <input_file id="fl-1d">
         <path>/home/nanker/ti/ccs1110/ccs/tools/compiler/ti-cgt-pru_2.3.3/lib/</path>
         <kind>archive</kind>
         <file>rtspruv3_le.lib</file>
         <name>mpyi.c.obj</name>
      </input_file>
      <input_file id="fl-1e">
         <path>/tmp/</path>
         <kind>object</kind>
         <file>TI1Fo3LPPZ3</file>
         <name>TI1Fo3LPPZ3</name>
      </input_file>
      <input_file id="fl-1">
         <path>./</path>
         <kind>object</kind>
         <file>delay.obj</file>
         <name>delay.obj</name>
      </input_file>
      <input_file id="fl-6">
         <kind>object</kind>
         <file>&lt;internal&gt;</file>
         <name>&lt;internal&gt;</name>
      </input_file>
      <input_file id="fl-14">
         <path>/home/nanker/ti/ccs1110/ccs/tools/compiler/ti-cgt-pru_2.3.3/lib/</path>
         <kind>archive</kind>
         <file>rtspruv3_le.lib</file>
         <name>boot.c.obj</name>
      </input_file>
      <input_file id="fl-15">
         <path>/home/nanker/ti/ccs1110/ccs/tools/compiler/ti-cgt-pru_2.3.3/lib/</path>
         <kind>archive</kind>
         <file>rtspruv3_le.lib</file>
         <name>autoinit.c.obj</name>
      </input_file>
      <input_file id="fl-16">
         <path>/home/nanker/ti/ccs1110/ccs/tools/compiler/ti-cgt-pru_2.3.3/lib/</path>
         <kind>archive</kind>
         <file>rtspruv3_le.lib</file>
         <name>startup.c.obj</name>
      </input_file>
      <input_file id="fl-18">
         <path>/home/nanker/ti/ccs1110/ccs/tools/compiler/ti-cgt-pru_2.3.3/lib/</path>
         <kind>archive</kind>
         <file>rtspruv3_le.lib</file>
         <name>exit.c.obj</name>
      </input_file>
      <input_file id="fl-1a">
         <path>/home/nanker/ti/ccs1110/ccs/tools/compiler/ti-cgt-pru_2.3.3/lib/</path>
         <kind>archive</kind>
         <file>rtspruv3_le.lib</file>
         <name>args_main.c.obj</name>
      </input_file>
      <input_file id="fl-1c">
         <path>/home/nanker/ti/ccs1110/ccs/tools/compiler/ti-cgt-pru_2.3.3/lib/</path>
         <kind>archive</kind>
         <file>rtspruv3_le.lib</file>
         <name>memcpy.asm.obj</name>
      </input_file>
      <input_file id="fl-1f">
         <path>/home/nanker/ti/ccs1110/ccs/tools/compiler/ti-cgt-pru_2.3.3/lib/</path>
         <kind>archive</kind>
         <file>rtspruv3_le.lib</file>
         <name>mpyi.c.obj</name>
      </input_file>
   </input_file_list>
   <object_component_list>
      <object_component id="oc-18">
         <name>.text:_c_int00_noinit_noargs</name>
         <load_address>0x0</load_address>
         <run_address>0x0</run_address>
         <size>0x1c</size>
         <input_file_ref idref="fl-14"/>
      </object_component>
      <object_component id="oc-57">
         <name>.text:readADC</name>
         <load_address>0x1c</load_address>
         <run_address>0x1c</run_address>
         <size>0x1d4</size>
         <input_file_ref idref="fl-2"/>
      </object_component>
      <object_component id="oc-3e">
         <name>.text:main</name>
         <load_address>0x1f0</load_address>
         <run_address>0x1f0</run_address>
         <size>0x1cc</size>
         <input_file_ref idref="fl-2"/>
      </object_component>
      <object_component id="oc-c0">
         <name>.text:memset</name>
         <load_address>0x3bc</load_address>
         <run_address>0x3bc</run_address>
         <size>0x18</size>
         <input_file_ref idref="fl-1b"/>
      </object_component>
      <object_component id="oc-61">
         <name>.text</name>
         <load_address>0x3d4</load_address>
         <run_address>0x3d4</run_address>
         <size>0xc</size>
         <input_file_ref idref="fl-1"/>
      </object_component>
      <object_component id="oc-6c">
         <name>.text:abort</name>
         <load_address>0x3e0</load_address>
         <run_address>0x3e0</run_address>
         <size>0x8</size>
         <input_file_ref idref="fl-18"/>
      </object_component>
      <object_component id="oc-c9">
         <name>.text:loader_exit</name>
         <load_address>0x3e8</load_address>
         <run_address>0x3e8</run_address>
         <size>0x8</size>
         <input_file_ref idref="fl-18"/>
      </object_component>
      <object_component id="oc-15">
         <name>.stack</name>
         <uninitialized>true</uninitialized>
         <run_address>0x0</run_address>
         <size>0x4</size>
         <input_file_ref idref="fl-14"/>
      </object_component>
      <object_component id="oc-264">
         <name>.stack</name>
         <uninitialized>true</uninitialized>
         <run_address>0x0</run_address>
         <size>0x0</size>
      </object_component>
      <object_component id="oc-5e">
         <name>.rodata:.string:$P$T13$1$0</name>
         <load_address>0x114</load_address>
         <run_address>0x114</run_address>
         <size>0x3</size>
         <input_file_ref idref="fl-2"/>
      </object_component>
      <object_component id="oc-12">
         <name>.resource_table:retain</name>
         <load_address>0x100</load_address>
         <run_address>0x100</run_address>
         <size>0x14</size>
         <input_file_ref idref="fl-2"/>
      </object_component>
      <object_component id="oc-62">
         <name>.debug_info</name>
         <load_address>0x0</load_address>
         <run_address>0x0</run_address>
         <size>0xc2</size>
         <input_file_ref idref="fl-1"/>
      </object_component>
      <object_component id="oc-16">
         <name>.debug_info</name>
         <load_address>0xc2</load_address>
         <run_address>0xc2</run_address>
         <size>0xf5</size>
         <input_file_ref idref="fl-14"/>
      </object_component>
      <object_component id="oc-19">
         <name>.debug_info</name>
         <load_address>0x1b7</load_address>
         <run_address>0x1b7</run_address>
         <size>0x154</size>
         <input_file_ref idref="fl-14"/>
      </object_component>
      <object_component id="oc-ca">
         <name>.debug_info</name>
         <load_address>0x30b</load_address>
         <run_address>0x30b</run_address>
         <size>0x12d</size>
         <input_file_ref idref="fl-18"/>
      </object_component>
      <object_component id="oc-6d">
         <name>.debug_info</name>
         <load_address>0x438</load_address>
         <run_address>0x438</run_address>
         <size>0x12e</size>
         <input_file_ref idref="fl-18"/>
      </object_component>
      <object_component id="oc-55">
         <name>.debug_info</name>
         <load_address>0x566</load_address>
         <run_address>0x566</run_address>
         <size>0x81f</size>
         <input_file_ref idref="fl-1e"/>
      </object_component>
      <object_component id="oc-13">
         <name>.debug_info</name>
         <load_address>0xd85</load_address>
         <run_address>0xd85</run_address>
         <size>0xde</size>
         <input_file_ref idref="fl-1e"/>
      </object_component>
      <object_component id="oc-5f">
         <name>.debug_info</name>
         <load_address>0xe63</load_address>
         <run_address>0xe63</run_address>
         <size>0xb9</size>
         <input_file_ref idref="fl-1e"/>
      </object_component>
      <object_component id="oc-c1">
         <name>.debug_info</name>
         <load_address>0xf1c</load_address>
         <run_address>0xf1c</run_address>
         <size>0x203</size>
         <input_file_ref idref="fl-1e"/>
      </object_component>
      <object_component id="oc-58">
         <name>.debug_info</name>
         <load_address>0x111f</load_address>
         <run_address>0x111f</run_address>
         <size>0x273</size>
         <input_file_ref idref="fl-1e"/>
      </object_component>
      <object_component id="oc-3f">
         <name>.debug_info</name>
         <load_address>0x1392</load_address>
         <run_address>0x1392</run_address>
         <size>0x23e</size>
         <input_file_ref idref="fl-1e"/>
      </object_component>
      <object_component id="oc-b1">
         <name>.debug_info</name>
         <load_address>0x15d0</load_address>
         <run_address>0x15d0</run_address>
         <size>0xb36</size>
         <input_file_ref idref="fl-1e"/>
      </object_component>
      <object_component id="oc-39">
         <name>.debug_info</name>
         <load_address>0x2106</load_address>
         <run_address>0x2106</run_address>
         <size>0x84</size>
         <input_file_ref idref="fl-1e"/>
      </object_component>
      <object_component id="oc-b6">
         <name>.debug_info</name>
         <load_address>0x218a</load_address>
         <run_address>0x218a</run_address>
         <size>0x2c</size>
         <input_file_ref idref="fl-1e"/>
      </object_component>
      <object_component id="oc-67">
         <name>.debug_info</name>
         <load_address>0x21b6</load_address>
         <run_address>0x21b6</run_address>
         <size>0x39</size>
         <input_file_ref idref="fl-1e"/>
      </object_component>
      <object_component id="oc-aa">
         <name>.debug_info</name>
         <load_address>0x21ef</load_address>
         <run_address>0x21ef</run_address>
         <size>0x39</size>
         <input_file_ref idref="fl-1e"/>
      </object_component>
      <object_component id="oc-f6">
         <name>.debug_info</name>
         <load_address>0x2228</load_address>
         <run_address>0x2228</run_address>
         <size>0x2c</size>
         <input_file_ref idref="fl-1e"/>
      </object_component>
      <object_component id="oc-bb">
         <name>.debug_info</name>
         <load_address>0x2254</load_address>
         <run_address>0x2254</run_address>
         <size>0xcd</size>
         <input_file_ref idref="fl-1e"/>
      </object_component>
      <object_component id="oc-32">
         <name>.debug_info</name>
         <load_address>0x2321</load_address>
         <run_address>0x2321</run_address>
         <size>0x55</size>
         <input_file_ref idref="fl-1e"/>
      </object_component>
      <object_component id="oc-50">
         <name>.debug_info</name>
         <load_address>0x2376</load_address>
         <run_address>0x2376</run_address>
         <size>0x69</size>
         <input_file_ref idref="fl-1e"/>
      </object_component>
      <object_component id="oc-265">
         <name>.debug_info</name>
         <load_address>0x23df</load_address>
         <run_address>0x23df</run_address>
         <size>0x96</size>
      </object_component>
      <object_component id="oc-65">
         <name>.debug_line</name>
         <load_address>0x0</load_address>
         <run_address>0x0</run_address>
         <size>0x3d</size>
         <input_file_ref idref="fl-1"/>
      </object_component>
      <object_component id="oc-38">
         <name>.debug_line</name>
         <load_address>0x3d</load_address>
         <run_address>0x3d</run_address>
         <size>0x2a</size>
         <input_file_ref idref="fl-14"/>
      </object_component>
      <object_component id="oc-1c">
         <name>.debug_line</name>
         <load_address>0x67</load_address>
         <run_address>0x67</run_address>
         <size>0x3f</size>
         <input_file_ref idref="fl-14"/>
      </object_component>
      <object_component id="oc-cd">
         <name>.debug_line</name>
         <load_address>0xa6</load_address>
         <run_address>0xa6</run_address>
         <size>0x37</size>
         <input_file_ref idref="fl-18"/>
      </object_component>
      <object_component id="oc-70">
         <name>.debug_line</name>
         <load_address>0xdd</load_address>
         <run_address>0xdd</run_address>
         <size>0x3b</size>
         <input_file_ref idref="fl-18"/>
      </object_component>
      <object_component id="oc-b0">
         <name>.debug_line</name>
         <load_address>0x118</load_address>
         <run_address>0x118</run_address>
         <size>0x3b</size>
         <input_file_ref idref="fl-1e"/>
      </object_component>
      <object_component id="oc-31">
         <name>.debug_line</name>
         <load_address>0x153</load_address>
         <run_address>0x153</run_address>
         <size>0x3d</size>
         <input_file_ref idref="fl-1e"/>
      </object_component>
      <object_component id="oc-c7">
         <name>.debug_line</name>
         <load_address>0x190</load_address>
         <run_address>0x190</run_address>
         <size>0x2d</size>
         <input_file_ref idref="fl-1e"/>
      </object_component>
      <object_component id="oc-c4">
         <name>.debug_line</name>
         <load_address>0x1bd</load_address>
         <run_address>0x1bd</run_address>
         <size>0xab</size>
         <input_file_ref idref="fl-1e"/>
      </object_component>
      <object_component id="oc-5b">
         <name>.debug_line</name>
         <load_address>0x268</load_address>
         <run_address>0x268</run_address>
         <size>0xe7</size>
         <input_file_ref idref="fl-1e"/>
      </object_component>
      <object_component id="oc-42">
         <name>.debug_line</name>
         <load_address>0x34f</load_address>
         <run_address>0x34f</run_address>
         <size>0xe5</size>
         <input_file_ref idref="fl-1e"/>
      </object_component>
      <object_component id="oc-b4">
         <name>.debug_line</name>
         <load_address>0x434</load_address>
         <run_address>0x434</run_address>
         <size>0x81</size>
         <input_file_ref idref="fl-1e"/>
      </object_component>
      <object_component id="oc-3c">
         <name>.debug_line</name>
         <load_address>0x4b5</load_address>
         <run_address>0x4b5</run_address>
         <size>0x20</size>
         <input_file_ref idref="fl-1e"/>
      </object_component>
      <object_component id="oc-b9">
         <name>.debug_line</name>
         <load_address>0x4d5</load_address>
         <run_address>0x4d5</run_address>
         <size>0x2e</size>
         <input_file_ref idref="fl-1e"/>
      </object_component>
      <object_component id="oc-6a">
         <name>.debug_line</name>
         <load_address>0x503</load_address>
         <run_address>0x503</run_address>
         <size>0x70</size>
         <input_file_ref idref="fl-1e"/>
      </object_component>
      <object_component id="oc-ad">
         <name>.debug_line</name>
         <load_address>0x573</load_address>
         <run_address>0x573</run_address>
         <size>0x92</size>
         <input_file_ref idref="fl-1e"/>
      </object_component>
      <object_component id="oc-f9">
         <name>.debug_line</name>
         <load_address>0x605</load_address>
         <run_address>0x605</run_address>
         <size>0x92</size>
         <input_file_ref idref="fl-1e"/>
      </object_component>
      <object_component id="oc-be">
         <name>.debug_line</name>
         <load_address>0x697</load_address>
         <run_address>0x697</run_address>
         <size>0x93</size>
         <input_file_ref idref="fl-1e"/>
      </object_component>
      <object_component id="oc-35">
         <name>.debug_line</name>
         <load_address>0x72a</load_address>
         <run_address>0x72a</run_address>
         <size>0x3d</size>
         <input_file_ref idref="fl-1e"/>
      </object_component>
      <object_component id="oc-53">
         <name>.debug_line</name>
         <load_address>0x767</load_address>
         <run_address>0x767</run_address>
         <size>0x7c</size>
         <input_file_ref idref="fl-1e"/>
      </object_component>
      <object_component id="oc-c8">
         <name>.debug_abbrev</name>
         <load_address>0x0</load_address>
         <run_address>0x0</run_address>
         <size>0x25</size>
         <input_file_ref idref="fl-1"/>
      </object_component>
      <object_component id="oc-37">
         <name>.debug_abbrev</name>
         <load_address>0x25</load_address>
         <run_address>0x25</run_address>
         <size>0x29</size>
         <input_file_ref idref="fl-14"/>
      </object_component>
      <object_component id="oc-45">
         <name>.debug_abbrev</name>
         <load_address>0x4e</load_address>
         <run_address>0x4e</run_address>
         <size>0x55</size>
         <input_file_ref idref="fl-14"/>
      </object_component>
      <object_component id="oc-fb">
         <name>.debug_abbrev</name>
         <load_address>0xa3</load_address>
         <run_address>0xa3</run_address>
         <size>0x51</size>
         <input_file_ref idref="fl-18"/>
      </object_component>
      <object_component id="oc-cf">
         <name>.debug_abbrev</name>
         <load_address>0xf4</load_address>
         <run_address>0xf4</run_address>
         <size>0x55</size>
         <input_file_ref idref="fl-18"/>
      </object_component>
      <object_component id="oc-af">
         <name>.debug_abbrev</name>
         <load_address>0x149</load_address>
         <run_address>0x149</run_address>
         <size>0xdb</size>
         <input_file_ref idref="fl-1e"/>
      </object_component>
      <object_component id="oc-30">
         <name>.debug_abbrev</name>
         <load_address>0x224</load_address>
         <run_address>0x224</run_address>
         <size>0x27</size>
         <input_file_ref idref="fl-1e"/>
      </object_component>
      <object_component id="oc-c6">
         <name>.debug_abbrev</name>
         <load_address>0x24b</load_address>
         <run_address>0x24b</run_address>
         <size>0x25</size>
         <input_file_ref idref="fl-1e"/>
      </object_component>
      <object_component id="oc-f5">
         <name>.debug_abbrev</name>
         <load_address>0x270</load_address>
         <run_address>0x270</run_address>
         <size>0x6c</size>
         <input_file_ref idref="fl-1e"/>
      </object_component>
      <object_component id="oc-5a">
         <name>.debug_abbrev</name>
         <load_address>0x2dc</load_address>
         <run_address>0x2dc</run_address>
         <size>0x6c</size>
         <input_file_ref idref="fl-1e"/>
      </object_component>
      <object_component id="oc-66">
         <name>.debug_abbrev</name>
         <load_address>0x348</load_address>
         <run_address>0x348</run_address>
         <size>0x60</size>
         <input_file_ref idref="fl-1e"/>
      </object_component>
      <object_component id="oc-b3">
         <name>.debug_abbrev</name>
         <load_address>0x3a8</load_address>
         <run_address>0x3a8</run_address>
         <size>0x88</size>
         <input_file_ref idref="fl-1e"/>
      </object_component>
      <object_component id="oc-3b">
         <name>.debug_abbrev</name>
         <load_address>0x430</load_address>
         <run_address>0x430</run_address>
         <size>0x1f</size>
         <input_file_ref idref="fl-1e"/>
      </object_component>
      <object_component id="oc-b8">
         <name>.debug_abbrev</name>
         <load_address>0x44f</load_address>
         <run_address>0x44f</run_address>
         <size>0x24</size>
         <input_file_ref idref="fl-1e"/>
      </object_component>
      <object_component id="oc-69">
         <name>.debug_abbrev</name>
         <load_address>0x473</load_address>
         <run_address>0x473</run_address>
         <size>0x24</size>
         <input_file_ref idref="fl-1e"/>
      </object_component>
      <object_component id="oc-ac">
         <name>.debug_abbrev</name>
         <load_address>0x497</load_address>
         <run_address>0x497</run_address>
         <size>0x24</size>
         <input_file_ref idref="fl-1e"/>
      </object_component>
      <object_component id="oc-f8">
         <name>.debug_abbrev</name>
         <load_address>0x4bb</load_address>
         <run_address>0x4bb</run_address>
         <size>0x24</size>
         <input_file_ref idref="fl-1e"/>
      </object_component>
      <object_component id="oc-bd">
         <name>.debug_abbrev</name>
         <load_address>0x4df</load_address>
         <run_address>0x4df</run_address>
         <size>0x4b</size>
         <input_file_ref idref="fl-1e"/>
      </object_component>
      <object_component id="oc-34">
         <name>.debug_abbrev</name>
         <load_address>0x52a</load_address>
         <run_address>0x52a</run_address>
         <size>0x3a</size>
         <input_file_ref idref="fl-1e"/>
      </object_component>
      <object_component id="oc-52">
         <name>.debug_abbrev</name>
         <load_address>0x564</load_address>
         <run_address>0x564</run_address>
         <size>0x3a</size>
         <input_file_ref idref="fl-1e"/>
      </object_component>
      <object_component id="oc-266">
         <name>.debug_abbrev</name>
         <load_address>0x59e</load_address>
         <run_address>0x59e</run_address>
         <size>0xf</size>
      </object_component>
      <object_component id="oc-63">
         <name>.debug_aranges</name>
         <load_address>0x0</load_address>
         <run_address>0x0</run_address>
         <size>0x20</size>
         <input_file_ref idref="fl-1"/>
      </object_component>
      <object_component id="oc-1a">
         <name>.debug_aranges</name>
         <load_address>0x20</load_address>
         <run_address>0x20</run_address>
         <size>0x20</size>
         <input_file_ref idref="fl-14"/>
      </object_component>
      <object_component id="oc-cb">
         <name>.debug_aranges</name>
         <load_address>0x40</load_address>
         <run_address>0x40</run_address>
         <size>0x20</size>
         <input_file_ref idref="fl-18"/>
      </object_component>
      <object_component id="oc-6e">
         <name>.debug_aranges</name>
         <load_address>0x60</load_address>
         <run_address>0x60</run_address>
         <size>0x20</size>
         <input_file_ref idref="fl-18"/>
      </object_component>
      <object_component id="oc-c2">
         <name>.debug_aranges</name>
         <load_address>0x80</load_address>
         <run_address>0x80</run_address>
         <size>0x20</size>
         <input_file_ref idref="fl-1e"/>
      </object_component>
      <object_component id="oc-59">
         <name>.debug_aranges</name>
         <load_address>0xa0</load_address>
         <run_address>0xa0</run_address>
         <size>0x20</size>
         <input_file_ref idref="fl-1e"/>
      </object_component>
      <object_component id="oc-40">
         <name>.debug_aranges</name>
         <load_address>0xc0</load_address>
         <run_address>0xc0</run_address>
         <size>0x20</size>
         <input_file_ref idref="fl-1e"/>
      </object_component>
      <object_component id="oc-64">
         <name>.debug_pubnames</name>
         <load_address>0x0</load_address>
         <run_address>0x0</run_address>
         <size>0x29</size>
         <input_file_ref idref="fl-1"/>
      </object_component>
      <object_component id="oc-17">
         <name>.debug_pubnames</name>
         <load_address>0x29</load_address>
         <run_address>0x29</run_address>
         <size>0x1d</size>
         <input_file_ref idref="fl-14"/>
      </object_component>
      <object_component id="oc-1b">
         <name>.debug_pubnames</name>
         <load_address>0x46</load_address>
         <run_address>0x46</run_address>
         <size>0x2d</size>
         <input_file_ref idref="fl-14"/>
      </object_component>
      <object_component id="oc-cc">
         <name>.debug_pubnames</name>
         <load_address>0x73</load_address>
         <run_address>0x73</run_address>
         <size>0x22</size>
         <input_file_ref idref="fl-18"/>
      </object_component>
      <object_component id="oc-6f">
         <name>.debug_pubnames</name>
         <load_address>0x95</load_address>
         <run_address>0x95</run_address>
         <size>0x1c</size>
         <input_file_ref idref="fl-18"/>
      </object_component>
      <object_component id="oc-14">
         <name>.debug_pubnames</name>
         <load_address>0xb1</load_address>
         <run_address>0xb1</run_address>
         <size>0x33</size>
         <input_file_ref idref="fl-1e"/>
      </object_component>
      <object_component id="oc-60">
         <name>.debug_pubnames</name>
         <load_address>0xe4</load_address>
         <run_address>0xe4</run_address>
         <size>0x21</size>
         <input_file_ref idref="fl-1e"/>
      </object_component>
      <object_component id="oc-c3">
         <name>.debug_pubnames</name>
         <load_address>0x105</load_address>
         <run_address>0x105</run_address>
         <size>0x1d</size>
         <input_file_ref idref="fl-1e"/>
      </object_component>
      <object_component id="oc-5d">
         <name>.debug_pubnames</name>
         <load_address>0x122</load_address>
         <run_address>0x122</run_address>
         <size>0x1e</size>
         <input_file_ref idref="fl-1e"/>
      </object_component>
      <object_component id="oc-41">
         <name>.debug_pubnames</name>
         <load_address>0x140</load_address>
         <run_address>0x140</run_address>
         <size>0x1b</size>
         <input_file_ref idref="fl-1e"/>
      </object_component>
      <object_component id="oc-1d">
         <name>.debug_frame</name>
         <load_address>0x0</load_address>
         <run_address>0x0</run_address>
         <size>0x78</size>
         <input_file_ref idref="fl-14"/>
      </object_component>
      <object_component id="oc-ce">
         <name>.debug_frame</name>
         <load_address>0x78</load_address>
         <run_address>0x78</run_address>
         <size>0x7c</size>
         <input_file_ref idref="fl-18"/>
      </object_component>
      <object_component id="oc-71">
         <name>.debug_frame</name>
         <load_address>0xf4</load_address>
         <run_address>0xf4</run_address>
         <size>0x7c</size>
         <input_file_ref idref="fl-18"/>
      </object_component>
      <object_component id="oc-c5">
         <name>.debug_frame</name>
         <load_address>0x170</load_address>
         <run_address>0x170</run_address>
         <size>0x7c</size>
         <input_file_ref idref="fl-1e"/>
      </object_component>
      <object_component id="oc-5c">
         <name>.debug_frame</name>
         <load_address>0x1ec</load_address>
         <run_address>0x1ec</run_address>
         <size>0xb0</size>
         <input_file_ref idref="fl-1e"/>
      </object_component>
      <object_component id="oc-43">
         <name>.debug_frame</name>
         <load_address>0x29c</load_address>
         <run_address>0x29c</run_address>
         <size>0xa0</size>
         <input_file_ref idref="fl-1e"/>
      </object_component>
      <object_component id="oc-b5">
         <name>.debug_str</name>
         <load_address>0x0</load_address>
         <run_address>0x0</run_address>
         <size>0x5f1</size>
         <input_file_ref idref="fl-1e"/>
      </object_component>
      <object_component id="oc-3d">
         <name>.debug_str</name>
         <load_address>0x5f1</load_address>
         <run_address>0x5f1</run_address>
         <size>0xf4</size>
         <input_file_ref idref="fl-1e"/>
      </object_component>
      <object_component id="oc-ba">
         <name>.debug_str</name>
         <load_address>0x6e5</load_address>
         <run_address>0x6e5</run_address>
         <size>0x9b</size>
         <input_file_ref idref="fl-1e"/>
      </object_component>
      <object_component id="oc-6b">
         <name>.debug_str</name>
         <load_address>0x780</load_address>
         <run_address>0x780</run_address>
         <size>0xe0</size>
         <input_file_ref idref="fl-1e"/>
      </object_component>
      <object_component id="oc-ae">
         <name>.debug_str</name>
         <load_address>0x860</load_address>
         <run_address>0x860</run_address>
         <size>0x104</size>
         <input_file_ref idref="fl-1e"/>
      </object_component>
      <object_component id="oc-fa">
         <name>.debug_str</name>
         <load_address>0x964</load_address>
         <run_address>0x964</run_address>
         <size>0xf9</size>
         <input_file_ref idref="fl-1e"/>
      </object_component>
      <object_component id="oc-bf">
         <name>.debug_str</name>
         <load_address>0xa5d</load_address>
         <run_address>0xa5d</run_address>
         <size>0x150</size>
         <input_file_ref idref="fl-1e"/>
      </object_component>
      <object_component id="oc-36">
         <name>.debug_str</name>
         <load_address>0xbad</load_address>
         <run_address>0xbad</run_address>
         <size>0xbb</size>
         <input_file_ref idref="fl-1e"/>
      </object_component>
      <object_component id="oc-54">
         <name>.debug_str</name>
         <load_address>0xc68</load_address>
         <run_address>0xc68</run_address>
         <size>0xfc</size>
         <input_file_ref idref="fl-1e"/>
      </object_component>
      <object_component id="oc-56">
         <name>.debug_pubtypes</name>
         <load_address>0x0</load_address>
         <run_address>0x0</run_address>
         <size>0x2c</size>
         <input_file_ref idref="fl-1e"/>
      </object_component>
      <object_component id="oc-b2">
         <name>.debug_pubtypes</name>
         <load_address>0x2c</load_address>
         <run_address>0x2c</run_address>
         <size>0x1d</size>
         <input_file_ref idref="fl-1e"/>
      </object_component>
      <object_component id="oc-3a">
         <name>.debug_pubtypes</name>
         <load_address>0x49</load_address>
         <run_address>0x49</run_address>
         <size>0xed</size>
         <input_file_ref idref="fl-1e"/>
      </object_component>
      <object_component id="oc-b7">
         <name>.debug_pubtypes</name>
         <load_address>0x136</load_address>
         <run_address>0x136</run_address>
         <size>0x23</size>
         <input_file_ref idref="fl-1e"/>
      </object_component>
      <object_component id="oc-68">
         <name>.debug_pubtypes</name>
         <load_address>0x159</load_address>
         <run_address>0x159</run_address>
         <size>0x2a</size>
         <input_file_ref idref="fl-1e"/>
      </object_component>
      <object_component id="oc-ab">
         <name>.debug_pubtypes</name>
         <load_address>0x183</load_address>
         <run_address>0x183</run_address>
         <size>0x2c</size>
         <input_file_ref idref="fl-1e"/>
      </object_component>
      <object_component id="oc-f7">
         <name>.debug_pubtypes</name>
         <load_address>0x1af</load_address>
         <run_address>0x1af</run_address>
         <size>0x1d</size>
         <input_file_ref idref="fl-1e"/>
      </object_component>
      <object_component id="oc-bc">
         <name>.debug_pubtypes</name>
         <load_address>0x1cc</load_address>
         <run_address>0x1cc</run_address>
         <size>0x50</size>
         <input_file_ref idref="fl-1e"/>
      </object_component>
      <object_component id="oc-33">
         <name>.debug_pubtypes</name>
         <load_address>0x21c</load_address>
         <run_address>0x21c</run_address>
         <size>0x28</size>
         <input_file_ref idref="fl-1e"/>
      </object_component>
      <object_component id="oc-51">
         <name>.debug_pubtypes</name>
         <load_address>0x244</load_address>
         <run_address>0x244</run_address>
         <size>0x25</size>
         <input_file_ref idref="fl-1e"/>
      </object_component>
   </object_component_list>
   <logical_group_list>
      <logical_group id="lg-2" display="no" color="cyan">
         <name>.text:_c_int00*</name>
         <load_address>0x0</load_address>
         <run_address>0x0</run_address>
         <size>0x1c</size>
         <contents>
            <object_component_ref idref="oc-18"/>
         </contents>
      </logical_group>
      <logical_group id="lg-3" display="no" color="cyan">
         <name>.text</name>
         <load_address>0x1c</load_address>
         <run_address>0x1c</run_address>
         <size>0x3d4</size>
         <contents>
            <object_component_ref idref="oc-57"/>
            <object_component_ref idref="oc-3e"/>
            <object_component_ref idref="oc-c0"/>
            <object_component_ref idref="oc-61"/>
            <object_component_ref idref="oc-6c"/>
            <object_component_ref idref="oc-c9"/>
         </contents>
      </logical_group>
      <logical_group id="lg-4" display="no" color="cyan">
         <name>.stack</name>
         <run_address>0x0</run_address>
         <size>0x100</size>
         <contents>
            <object_component_ref idref="oc-15"/>
            <object_component_ref idref="oc-264"/>
         </contents>
      </logical_group>
      <logical_group id="lg-5" display="no" color="cyan">
         <name>.bss</name>
         <run_address>0x0</run_address>
         <size>0x0</size>
         <contents>
         </contents>
      </logical_group>
      <logical_group id="lg-6" display="no" color="cyan">
         <name>.cio</name>
         <run_address>0x0</run_address>
         <size>0x0</size>
         <contents>
         </contents>
      </logical_group>
      <logical_group id="lg-7" display="no" color="cyan">
         <name>.data</name>
         <run_address>0x0</run_address>
         <size>0x0</size>
         <contents>
         </contents>
      </logical_group>
      <logical_group id="lg-8" display="no" color="cyan">
         <name>.switch</name>
         <run_address>0x0</run_address>
         <size>0x0</size>
         <contents>
         </contents>
      </logical_group>
      <logical_group id="lg-9" display="no" color="cyan">
         <name>.sysmem</name>
         <run_address>0x0</run_address>
         <size>0x0</size>
         <contents>
         </contents>
      </logical_group>
      <logical_group id="lg-a" display="no" color="cyan">
         <name>.cinit</name>
         <run_address>0x0</run_address>
         <size>0x0</size>
         <contents>
         </contents>
      </logical_group>
      <logical_group id="lg-b" display="no" color="cyan">
         <name>.rodata</name>
         <load_address>0x114</load_address>
         <run_address>0x114</run_address>
         <size>0x3</size>
         <contents>
            <object_component_ref idref="oc-5e"/>
         </contents>
      </logical_group>
      <logical_group id="lg-c" display="no" color="cyan">
         <name>.rofardata</name>
         <run_address>0x0</run_address>
         <size>0x0</size>
         <contents>
         </contents>
      </logical_group>
      <logical_group id="lg-d" display="no" color="cyan">
         <name>.farbss</name>
         <run_address>0x0</run_address>
         <size>0x0</size>
         <contents>
         </contents>
      </logical_group>
      <logical_group id="lg-e" display="no" color="cyan">
         <name>.fardata</name>
         <run_address>0x0</run_address>
         <size>0x0</size>
         <contents>
         </contents>
      </logical_group>
      <logical_group id="lg-f" display="no" color="cyan">
         <name>.resource_table</name>
         <load_address>0x100</load_address>
         <run_address>0x100</run_address>
         <size>0x14</size>
         <contents>
            <object_component_ref idref="oc-12"/>
         </contents>
      </logical_group>
      <logical_group id="lg-120" display="no" color="cyan">
         <name>.creg.PRU_DMEM_0_1.noload.near</name>
         <run_address>0x0</run_address>
         <size>0x0</size>
         <contents>
         </contents>
      </logical_group>
      <logical_group id="lg-121" display="no" color="cyan">
         <name>.creg.PRU_DMEM_0_1.near</name>
         <run_address>0x0</run_address>
         <size>0x0</size>
         <contents>
         </contents>
      </logical_group>
      <logical_group id="lg-122" display="no" color="cyan">
         <name>.creg.PRU_DMEM_0_1.noload.far</name>
         <run_address>0x0</run_address>
         <size>0x0</size>
         <contents>
         </contents>
      </logical_group>
      <logical_group id="lg-123" display="no" color="cyan">
         <name>.creg.PRU_DMEM_0_1.far</name>
         <run_address>0x0</run_address>
         <size>0x0</size>
         <contents>
         </contents>
      </logical_group>
      <logical_group id="lg-11f" display="no" color="cyan">
         <name>C24_GROUP</name>
         <run_address>0x0</run_address>
         <size>0x0</size>
         <contents>
            <logical_group_ref idref="lg-120"/>
            <logical_group_ref idref="lg-121"/>
            <logical_group_ref idref="lg-122"/>
            <logical_group_ref idref="lg-123"/>
         </contents>
      </logical_group>
      <logical_group id="lg-125" display="no" color="cyan">
         <name>.creg.PRU_DMEM_1_0.noload.near</name>
         <run_address>0x0</run_address>
         <size>0x0</size>
         <contents>
         </contents>
      </logical_group>
      <logical_group id="lg-126" display="no" color="cyan">
         <name>.creg.PRU_DMEM_1_0.near</name>
         <run_address>0x0</run_address>
         <size>0x0</size>
         <contents>
         </contents>
      </logical_group>
      <logical_group id="lg-127" display="no" color="cyan">
         <name>.creg.PRU_DMEM_1_0.noload.far</name>
         <run_address>0x0</run_address>
         <size>0x0</size>
         <contents>
         </contents>
      </logical_group>
      <logical_group id="lg-128" display="no" color="cyan">
         <name>.creg.PRU_DMEM_1_0.far</name>
         <run_address>0x0</run_address>
         <size>0x0</size>
         <contents>
         </contents>
      </logical_group>
      <logical_group id="lg-124" display="no" color="cyan">
         <name>C25_GROUP</name>
         <run_address>0x0</run_address>
         <size>0x0</size>
         <contents>
            <logical_group_ref idref="lg-125"/>
            <logical_group_ref idref="lg-126"/>
            <logical_group_ref idref="lg-127"/>
            <logical_group_ref idref="lg-128"/>
         </contents>
      </logical_group>
      <logical_group id="lg-12a" display="no" color="cyan">
         <name>.creg.PRU_SHAREDMEM.noload.near</name>
         <run_address>0x0</run_address>
         <size>0x0</size>
         <contents>
         </contents>
      </logical_group>
      <logical_group id="lg-12b" display="no" color="cyan">
         <name>.creg.PRU_SHAREDMEM.near</name>
         <run_address>0x0</run_address>
         <size>0x0</size>
         <contents>
         </contents>
      </logical_group>
      <logical_group id="lg-12c" display="no" color="cyan">
         <name>.creg.PRU_SHAREDMEM.noload.far</name>
         <run_address>0x0</run_address>
         <size>0x0</size>
         <contents>
         </contents>
      </logical_group>
      <logical_group id="lg-12d" display="no" color="cyan">
         <name>.creg.PRU_SHAREDMEM.far</name>
         <run_address>0x0</run_address>
         <size>0x0</size>
         <contents>
         </contents>
      </logical_group>
      <logical_group id="lg-129" display="no" color="cyan">
         <name>C28_GROUP</name>
         <run_address>0x0</run_address>
         <size>0x0</size>
         <contents>
            <logical_group_ref idref="lg-12a"/>
            <logical_group_ref idref="lg-12b"/>
            <logical_group_ref idref="lg-12c"/>
            <logical_group_ref idref="lg-12d"/>
         </contents>
      </logical_group>
      <logical_group id="lg-12f" display="no" color="cyan">
         <name>.creg.PRU_INTC.noload.near</name>
         <run_address>0x0</run_address>
         <size>0x0</size>
         <contents>
         </contents>
      </logical_group>
      <logical_group id="lg-130" display="no" color="cyan">
         <name>.creg.PRU_INTC.near</name>
         <run_address>0x0</run_address>
         <size>0x0</size>
         <contents>
         </contents>
      </logical_group>
      <logical_group id="lg-131" display="no" color="cyan">
         <name>.creg.PRU_INTC.noload.far</name>
         <run_address>0x0</run_address>
         <size>0x0</size>
         <contents>
         </contents>
      </logical_group>
      <logical_group id="lg-132" display="no" color="cyan">
         <name>.creg.PRU_INTC.far</name>
         <run_address>0x0</run_address>
         <size>0x0</size>
         <contents>
         </contents>
      </logical_group>
      <logical_group id="lg-12e" display="no" color="cyan">
         <name>C0_GROUP</name>
         <run_address>0x0</run_address>
         <size>0x0</size>
         <contents>
            <logical_group_ref idref="lg-12f"/>
            <logical_group_ref idref="lg-130"/>
            <logical_group_ref idref="lg-131"/>
            <logical_group_ref idref="lg-132"/>
         </contents>
      </logical_group>
      <logical_group id="lg-134" display="no" color="cyan">
         <name>.creg.PRU_CFG.noload.near</name>
         <run_address>0x0</run_address>
         <size>0x0</size>
         <contents>
         </contents>
      </logical_group>
      <logical_group id="lg-135" display="no" color="cyan">
         <name>.creg.PRU_CFG.near</name>
         <run_address>0x0</run_address>
         <size>0x0</size>
         <contents>
         </contents>
      </logical_group>
      <logical_group id="lg-136" display="no" color="cyan">
         <name>.creg.PRU_CFG.noload.far</name>
         <run_address>0x0</run_address>
         <size>0x0</size>
         <contents>
         </contents>
      </logical_group>
      <logical_group id="lg-137" display="no" color="cyan">
         <name>.creg.PRU_CFG.far</name>
         <run_address>0x0</run_address>
         <size>0x0</size>
         <contents>
         </contents>
      </logical_group>
      <logical_group id="lg-133" display="no" color="cyan">
         <name>C4_GROUP</name>
         <run_address>0x0</run_address>
         <size>0x0</size>
         <contents>
            <logical_group_ref idref="lg-134"/>
            <logical_group_ref idref="lg-135"/>
            <logical_group_ref idref="lg-136"/>
            <logical_group_ref idref="lg-137"/>
         </contents>
      </logical_group>
      <logical_group id="lg-139" display="no" color="cyan">
         <name>.creg.PRU_UART.noload.near</name>
         <run_address>0x0</run_address>
         <size>0x0</size>
         <contents>
         </contents>
      </logical_group>
      <logical_group id="lg-13a" display="no" color="cyan">
         <name>.creg.PRU_UART.near</name>
         <run_address>0x0</run_address>
         <size>0x0</size>
         <contents>
         </contents>
      </logical_group>
      <logical_group id="lg-13b" display="no" color="cyan">
         <name>.creg.PRU_UART.noload.far</name>
         <run_address>0x0</run_address>
         <size>0x0</size>
         <contents>
         </contents>
      </logical_group>
      <logical_group id="lg-13c" display="no" color="cyan">
         <name>.creg.PRU_UART.far</name>
         <run_address>0x0</run_address>
         <size>0x0</size>
         <contents>
         </contents>
      </logical_group>
      <logical_group id="lg-138" display="no" color="cyan">
         <name>C7_GROUP</name>
         <run_address>0x0</run_address>
         <size>0x0</size>
         <contents>
            <logical_group_ref idref="lg-139"/>
            <logical_group_ref idref="lg-13a"/>
            <logical_group_ref idref="lg-13b"/>
            <logical_group_ref idref="lg-13c"/>
         </contents>
      </logical_group>
      <logical_group id="lg-13e" display="no" color="cyan">
         <name>.creg.PRU_IEP.noload.near</name>
         <run_address>0x0</run_address>
         <size>0x0</size>
         <contents>
         </contents>
      </logical_group>
      <logical_group id="lg-13f" display="no" color="cyan">
         <name>.creg.PRU_IEP.near</name>
         <run_address>0x0</run_address>
         <size>0x0</size>
         <contents>
         </contents>
      </logical_group>
      <logical_group id="lg-140" display="no" color="cyan">
         <name>.creg.PRU_IEP.noload.far</name>
         <run_address>0x0</run_address>
         <size>0x0</size>
         <contents>
         </contents>
      </logical_group>
      <logical_group id="lg-141" display="no" color="cyan">
         <name>.creg.PRU_IEP.far</name>
         <run_address>0x0</run_address>
         <size>0x0</size>
         <contents>
         </contents>
      </logical_group>
      <logical_group id="lg-13d" display="no" color="cyan">
         <name>C26_GROUP</name>
         <run_address>0x0</run_address>
         <size>0x0</size>
         <contents>
            <logical_group_ref idref="lg-13e"/>
            <logical_group_ref idref="lg-13f"/>
            <logical_group_ref idref="lg-140"/>
            <logical_group_ref idref="lg-141"/>
         </contents>
      </logical_group>
      <logical_group id="lg-143" display="no" color="cyan">
         <name>.creg.PRU_ECAP.noload.near</name>
         <run_address>0x0</run_address>
         <size>0x0</size>
         <contents>
         </contents>
      </logical_group>
      <logical_group id="lg-144" display="no" color="cyan">
         <name>.creg.PRU_ECAP.near</name>
         <run_address>0x0</run_address>
         <size>0x0</size>
         <contents>
         </contents>
      </logical_group>
      <logical_group id="lg-145" display="no" color="cyan">
         <name>.creg.PRU_ECAP.noload.far</name>
         <run_address>0x0</run_address>
         <size>0x0</size>
         <contents>
         </contents>
      </logical_group>
      <logical_group id="lg-146" display="no" color="cyan">
         <name>.creg.PRU_ECAP.far</name>
         <run_address>0x0</run_address>
         <size>0x0</size>
         <contents>
         </contents>
      </logical_group>
      <logical_group id="lg-142" display="no" color="cyan">
         <name>C3_GROUP</name>
         <run_address>0x0</run_address>
         <size>0x0</size>
         <contents>
            <logical_group_ref idref="lg-143"/>
            <logical_group_ref idref="lg-144"/>
            <logical_group_ref idref="lg-145"/>
            <logical_group_ref idref="lg-146"/>
         </contents>
      </logical_group>
      <logical_group id="lg-148" display="no" color="cyan">
         <name>.creg.RSVD27.noload.near</name>
         <run_address>0x0</run_address>
         <size>0x0</size>
         <contents>
         </contents>
      </logical_group>
      <logical_group id="lg-149" display="no" color="cyan">
         <name>.creg.RSVD27.near</name>
         <run_address>0x0</run_address>
         <size>0x0</size>
         <contents>
         </contents>
      </logical_group>
      <logical_group id="lg-14a" display="no" color="cyan">
         <name>.creg.RSVD27.noload.far</name>
         <run_address>0x0</run_address>
         <size>0x0</size>
         <contents>
         </contents>
      </logical_group>
      <logical_group id="lg-14b" display="no" color="cyan">
         <name>.creg.RSVD27.far</name>
         <run_address>0x0</run_address>
         <size>0x0</size>
         <contents>
         </contents>
      </logical_group>
      <logical_group id="lg-147" display="no" color="cyan">
         <name>C27_GROUP</name>
         <run_address>0x0</run_address>
         <size>0x0</size>
         <contents>
            <logical_group_ref idref="lg-148"/>
            <logical_group_ref idref="lg-149"/>
            <logical_group_ref idref="lg-14a"/>
            <logical_group_ref idref="lg-14b"/>
         </contents>
      </logical_group>
      <logical_group id="lg-14d" display="no" color="cyan">
         <name>.creg.RSVD21.noload.near</name>
         <run_address>0x0</run_address>
         <size>0x0</size>
         <contents>
         </contents>
      </logical_group>
      <logical_group id="lg-14e" display="no" color="cyan">
         <name>.creg.RSVD21.near</name>
         <run_address>0x0</run_address>
         <size>0x0</size>
         <contents>
         </contents>
      </logical_group>
      <logical_group id="lg-14f" display="no" color="cyan">
         <name>.creg.RSVD21.noload.far</name>
         <run_address>0x0</run_address>
         <size>0x0</size>
         <contents>
         </contents>
      </logical_group>
      <logical_group id="lg-150" display="no" color="cyan">
         <name>.creg.RSVD21.far</name>
         <run_address>0x0</run_address>
         <size>0x0</size>
         <contents>
         </contents>
      </logical_group>
      <logical_group id="lg-14c" display="no" color="cyan">
         <name>C21_GROUP</name>
         <run_address>0x0</run_address>
         <size>0x0</size>
         <contents>
            <logical_group_ref idref="lg-14d"/>
            <logical_group_ref idref="lg-14e"/>
            <logical_group_ref idref="lg-14f"/>
            <logical_group_ref idref="lg-150"/>
         </contents>
      </logical_group>
      <logical_group id="lg-152" display="no" color="cyan">
         <name>.creg.L3OCMC.noload.near</name>
         <run_address>0x0</run_address>
         <size>0x0</size>
         <contents>
         </contents>
      </logical_group>
      <logical_group id="lg-153" display="no" color="cyan">
         <name>.creg.L3OCMC.near</name>
         <run_address>0x0</run_address>
         <size>0x0</size>
         <contents>
         </contents>
      </logical_group>
      <logical_group id="lg-154" display="no" color="cyan">
         <name>.creg.L3OCMC.noload.far</name>
         <run_address>0x0</run_address>
         <size>0x0</size>
         <contents>
         </contents>
      </logical_group>
      <logical_group id="lg-155" display="no" color="cyan">
         <name>.creg.L3OCMC.far</name>
         <run_address>0x0</run_address>
         <size>0x0</size>
         <contents>
         </contents>
      </logical_group>
      <logical_group id="lg-151" display="no" color="cyan">
         <name>C30_GROUP</name>
         <run_address>0x0</run_address>
         <size>0x0</size>
         <contents>
            <logical_group_ref idref="lg-152"/>
            <logical_group_ref idref="lg-153"/>
            <logical_group_ref idref="lg-154"/>
            <logical_group_ref idref="lg-155"/>
         </contents>
      </logical_group>
      <logical_group id="lg-157" display="no" color="cyan">
         <name>.creg.MCASP0_DMA.noload.near</name>
         <run_address>0x0</run_address>
         <size>0x0</size>
         <contents>
         </contents>
      </logical_group>
      <logical_group id="lg-158" display="no" color="cyan">
         <name>.creg.MCASP0_DMA.near</name>
         <run_address>0x0</run_address>
         <size>0x0</size>
         <contents>
         </contents>
      </logical_group>
      <logical_group id="lg-159" display="no" color="cyan">
         <name>.creg.MCASP0_DMA.noload.far</name>
         <run_address>0x0</run_address>
         <size>0x0</size>
         <contents>
         </contents>
      </logical_group>
      <logical_group id="lg-15a" display="no" color="cyan">
         <name>.creg.MCASP0_DMA.far</name>
         <run_address>0x0</run_address>
         <size>0x0</size>
         <contents>
         </contents>
      </logical_group>
      <logical_group id="lg-156" display="no" color="cyan">
         <name>C8_GROUP</name>
         <run_address>0x0</run_address>
         <size>0x0</size>
         <contents>
            <logical_group_ref idref="lg-157"/>
            <logical_group_ref idref="lg-158"/>
            <logical_group_ref idref="lg-159"/>
            <logical_group_ref idref="lg-15a"/>
         </contents>
      </logical_group>
      <logical_group id="lg-15c" display="no" color="cyan">
         <name>.creg.UART1.noload.near</name>
         <run_address>0x0</run_address>
         <size>0x0</size>
         <contents>
         </contents>
      </logical_group>
      <logical_group id="lg-15d" display="no" color="cyan">
         <name>.creg.UART1.near</name>
         <run_address>0x0</run_address>
         <size>0x0</size>
         <contents>
         </contents>
      </logical_group>
      <logical_group id="lg-15e" display="no" color="cyan">
         <name>.creg.UART1.noload.far</name>
         <run_address>0x0</run_address>
         <size>0x0</size>
         <contents>
         </contents>
      </logical_group>
      <logical_group id="lg-15f" display="no" color="cyan">
         <name>.creg.UART1.far</name>
         <run_address>0x0</run_address>
         <size>0x0</size>
         <contents>
         </contents>
      </logical_group>
      <logical_group id="lg-15b" display="no" color="cyan">
         <name>C11_GROUP</name>
         <run_address>0x0</run_address>
         <size>0x0</size>
         <contents>
            <logical_group_ref idref="lg-15c"/>
            <logical_group_ref idref="lg-15d"/>
            <logical_group_ref idref="lg-15e"/>
            <logical_group_ref idref="lg-15f"/>
         </contents>
      </logical_group>
      <logical_group id="lg-161" display="no" color="cyan">
         <name>.creg.UART2.noload.near</name>
         <run_address>0x0</run_address>
         <size>0x0</size>
         <contents>
         </contents>
      </logical_group>
      <logical_group id="lg-162" display="no" color="cyan">
         <name>.creg.UART2.near</name>
         <run_address>0x0</run_address>
         <size>0x0</size>
         <contents>
         </contents>
      </logical_group>
      <logical_group id="lg-163" display="no" color="cyan">
         <name>.creg.UART2.noload.far</name>
         <run_address>0x0</run_address>
         <size>0x0</size>
         <contents>
         </contents>
      </logical_group>
      <logical_group id="lg-164" display="no" color="cyan">
         <name>.creg.UART2.far</name>
         <run_address>0x0</run_address>
         <size>0x0</size>
         <contents>
         </contents>
      </logical_group>
      <logical_group id="lg-160" display="no" color="cyan">
         <name>C12_GROUP</name>
         <run_address>0x0</run_address>
         <size>0x0</size>
         <contents>
            <logical_group_ref idref="lg-161"/>
            <logical_group_ref idref="lg-162"/>
            <logical_group_ref idref="lg-163"/>
            <logical_group_ref idref="lg-164"/>
         </contents>
      </logical_group>
      <logical_group id="lg-166" display="no" color="cyan">
         <name>.creg.I2C1.noload.near</name>
         <run_address>0x0</run_address>
         <size>0x0</size>
         <contents>
         </contents>
      </logical_group>
      <logical_group id="lg-167" display="no" color="cyan">
         <name>.creg.I2C1.near</name>
         <run_address>0x0</run_address>
         <size>0x0</size>
         <contents>
         </contents>
      </logical_group>
      <logical_group id="lg-168" display="no" color="cyan">
         <name>.creg.I2C1.noload.far</name>
         <run_address>0x0</run_address>
         <size>0x0</size>
         <contents>
         </contents>
      </logical_group>
      <logical_group id="lg-169" display="no" color="cyan">
         <name>.creg.I2C1.far</name>
         <run_address>0x0</run_address>
         <size>0x0</size>
         <contents>
         </contents>
      </logical_group>
      <logical_group id="lg-165" display="no" color="cyan">
         <name>C2_GROUP</name>
         <run_address>0x0</run_address>
         <size>0x0</size>
         <contents>
            <logical_group_ref idref="lg-166"/>
            <logical_group_ref idref="lg-167"/>
            <logical_group_ref idref="lg-168"/>
            <logical_group_ref idref="lg-169"/>
         </contents>
      </logical_group>
      <logical_group id="lg-16b" display="no" color="cyan">
         <name>.creg.MCSPI0.noload.near</name>
         <run_address>0x0</run_address>
         <size>0x0</size>
         <contents>
         </contents>
      </logical_group>
      <logical_group id="lg-16c" display="no" color="cyan">
         <name>.creg.MCSPI0.near</name>
         <run_address>0x0</run_address>
         <size>0x0</size>
         <contents>
         </contents>
      </logical_group>
      <logical_group id="lg-16d" display="no" color="cyan">
         <name>.creg.MCSPI0.noload.far</name>
         <run_address>0x0</run_address>
         <size>0x0</size>
         <contents>
         </contents>
      </logical_group>
      <logical_group id="lg-16e" display="no" color="cyan">
         <name>.creg.MCSPI0.far</name>
         <run_address>0x0</run_address>
         <size>0x0</size>
         <contents>
         </contents>
      </logical_group>
      <logical_group id="lg-16a" display="no" color="cyan">
         <name>C6_GROUP</name>
         <run_address>0x0</run_address>
         <size>0x0</size>
         <contents>
            <logical_group_ref idref="lg-16b"/>
            <logical_group_ref idref="lg-16c"/>
            <logical_group_ref idref="lg-16d"/>
            <logical_group_ref idref="lg-16e"/>
         </contents>
      </logical_group>
      <logical_group id="lg-170" display="no" color="cyan">
         <name>.creg.DMTIMER2.noload.near</name>
         <run_address>0x0</run_address>
         <size>0x0</size>
         <contents>
         </contents>
      </logical_group>
      <logical_group id="lg-171" display="no" color="cyan">
         <name>.creg.DMTIMER2.near</name>
         <run_address>0x0</run_address>
         <size>0x0</size>
         <contents>
         </contents>
      </logical_group>
      <logical_group id="lg-172" display="no" color="cyan">
         <name>.creg.DMTIMER2.noload.far</name>
         <run_address>0x0</run_address>
         <size>0x0</size>
         <contents>
         </contents>
      </logical_group>
      <logical_group id="lg-173" display="no" color="cyan">
         <name>.creg.DMTIMER2.far</name>
         <run_address>0x0</run_address>
         <size>0x0</size>
         <contents>
         </contents>
      </logical_group>
      <logical_group id="lg-16f" display="no" color="cyan">
         <name>C1_GROUP</name>
         <run_address>0x0</run_address>
         <size>0x0</size>
         <contents>
            <logical_group_ref idref="lg-170"/>
            <logical_group_ref idref="lg-171"/>
            <logical_group_ref idref="lg-172"/>
            <logical_group_ref idref="lg-173"/>
         </contents>
      </logical_group>
      <logical_group id="lg-175" display="no" color="cyan">
         <name>.creg.MMCHS0.noload.near</name>
         <run_address>0x0</run_address>
         <size>0x0</size>
         <contents>
         </contents>
      </logical_group>
      <logical_group id="lg-176" display="no" color="cyan">
         <name>.creg.MMCHS0.near</name>
         <run_address>0x0</run_address>
         <size>0x0</size>
         <contents>
         </contents>
      </logical_group>
      <logical_group id="lg-177" display="no" color="cyan">
         <name>.creg.MMCHS0.noload.far</name>
         <run_address>0x0</run_address>
         <size>0x0</size>
         <contents>
         </contents>
      </logical_group>
      <logical_group id="lg-178" display="no" color="cyan">
         <name>.creg.MMCHS0.far</name>
         <run_address>0x0</run_address>
         <size>0x0</size>
         <contents>
         </contents>
      </logical_group>
      <logical_group id="lg-174" display="no" color="cyan">
         <name>C5_GROUP</name>
         <run_address>0x0</run_address>
         <size>0x0</size>
         <contents>
            <logical_group_ref idref="lg-175"/>
            <logical_group_ref idref="lg-176"/>
            <logical_group_ref idref="lg-177"/>
            <logical_group_ref idref="lg-178"/>
         </contents>
      </logical_group>
      <logical_group id="lg-17a" display="no" color="cyan">
         <name>.creg.MBX0.noload.near</name>
         <run_address>0x0</run_address>
         <size>0x0</size>
         <contents>
         </contents>
      </logical_group>
      <logical_group id="lg-17b" display="no" color="cyan">
         <name>.creg.MBX0.near</name>
         <run_address>0x0</run_address>
         <size>0x0</size>
         <contents>
         </contents>
      </logical_group>
      <logical_group id="lg-17c" display="no" color="cyan">
         <name>.creg.MBX0.noload.far</name>
         <run_address>0x0</run_address>
         <size>0x0</size>
         <contents>
         </contents>
      </logical_group>
      <logical_group id="lg-17d" display="no" color="cyan">
         <name>.creg.MBX0.far</name>
         <run_address>0x0</run_address>
         <size>0x0</size>
         <contents>
         </contents>
      </logical_group>
      <logical_group id="lg-179" display="no" color="cyan">
         <name>C22_GROUP</name>
         <run_address>0x0</run_address>
         <size>0x0</size>
         <contents>
            <logical_group_ref idref="lg-17a"/>
            <logical_group_ref idref="lg-17b"/>
            <logical_group_ref idref="lg-17c"/>
            <logical_group_ref idref="lg-17d"/>
         </contents>
      </logical_group>
      <logical_group id="lg-17f" display="no" color="cyan">
         <name>.creg.SPINLOCK.noload.near</name>
         <run_address>0x0</run_address>
         <size>0x0</size>
         <contents>
         </contents>
      </logical_group>
      <logical_group id="lg-180" display="no" color="cyan">
         <name>.creg.SPINLOCK.near</name>
         <run_address>0x0</run_address>
         <size>0x0</size>
         <contents>
         </contents>
      </logical_group>
      <logical_group id="lg-181" display="no" color="cyan">
         <name>.creg.SPINLOCK.noload.far</name>
         <run_address>0x0</run_address>
         <size>0x0</size>
         <contents>
         </contents>
      </logical_group>
      <logical_group id="lg-182" display="no" color="cyan">
         <name>.creg.SPINLOCK.far</name>
         <run_address>0x0</run_address>
         <size>0x0</size>
         <contents>
         </contents>
      </logical_group>
      <logical_group id="lg-17e" display="no" color="cyan">
         <name>C23_GROUP</name>
         <run_address>0x0</run_address>
         <size>0x0</size>
         <contents>
            <logical_group_ref idref="lg-17f"/>
            <logical_group_ref idref="lg-180"/>
            <logical_group_ref idref="lg-181"/>
            <logical_group_ref idref="lg-182"/>
         </contents>
      </logical_group>
      <logical_group id="lg-184" display="no" color="cyan">
         <name>.creg.I2C2.noload.near</name>
         <run_address>0x0</run_address>
         <size>0x0</size>
         <contents>
         </contents>
      </logical_group>
      <logical_group id="lg-185" display="no" color="cyan">
         <name>.creg.I2C2.near</name>
         <run_address>0x0</run_address>
         <size>0x0</size>
         <contents>
         </contents>
      </logical_group>
      <logical_group id="lg-186" display="no" color="cyan">
         <name>.creg.I2C2.noload.far</name>
         <run_address>0x0</run_address>
         <size>0x0</size>
         <contents>
         </contents>
      </logical_group>
      <logical_group id="lg-187" display="no" color="cyan">
         <name>.creg.I2C2.far</name>
         <run_address>0x0</run_address>
         <size>0x0</size>
         <contents>
         </contents>
      </logical_group>
      <logical_group id="lg-183" display="no" color="cyan">
         <name>C17_GROUP</name>
         <run_address>0x0</run_address>
         <size>0x0</size>
         <contents>
            <logical_group_ref idref="lg-184"/>
            <logical_group_ref idref="lg-185"/>
            <logical_group_ref idref="lg-186"/>
            <logical_group_ref idref="lg-187"/>
         </contents>
      </logical_group>
      <logical_group id="lg-189" display="no" color="cyan">
         <name>.creg.MCSPI1.noload.near</name>
         <run_address>0x0</run_address>
         <size>0x0</size>
         <contents>
         </contents>
      </logical_group>
      <logical_group id="lg-18a" display="no" color="cyan">
         <name>.creg.MCSPI1.near</name>
         <run_address>0x0</run_address>
         <size>0x0</size>
         <contents>
         </contents>
      </logical_group>
      <logical_group id="lg-18b" display="no" color="cyan">
         <name>.creg.MCSPI1.noload.far</name>
         <run_address>0x0</run_address>
         <size>0x0</size>
         <contents>
         </contents>
      </logical_group>
      <logical_group id="lg-18c" display="no" color="cyan">
         <name>.creg.MCSPI1.far</name>
         <run_address>0x0</run_address>
         <size>0x0</size>
         <contents>
         </contents>
      </logical_group>
      <logical_group id="lg-188" display="no" color="cyan">
         <name>C16_GROUP</name>
         <run_address>0x0</run_address>
         <size>0x0</size>
         <contents>
            <logical_group_ref idref="lg-189"/>
            <logical_group_ref idref="lg-18a"/>
            <logical_group_ref idref="lg-18b"/>
            <logical_group_ref idref="lg-18c"/>
         </contents>
      </logical_group>
      <logical_group id="lg-18e" display="no" color="cyan">
         <name>.creg.DCAN0.noload.near</name>
         <run_address>0x0</run_address>
         <size>0x0</size>
         <contents>
         </contents>
      </logical_group>
      <logical_group id="lg-18f" display="no" color="cyan">
         <name>.creg.DCAN0.near</name>
         <run_address>0x0</run_address>
         <size>0x0</size>
         <contents>
         </contents>
      </logical_group>
      <logical_group id="lg-190" display="no" color="cyan">
         <name>.creg.DCAN0.noload.far</name>
         <run_address>0x0</run_address>
         <size>0x0</size>
         <contents>
         </contents>
      </logical_group>
      <logical_group id="lg-191" display="no" color="cyan">
         <name>.creg.DCAN0.far</name>
         <run_address>0x0</run_address>
         <size>0x0</size>
         <contents>
         </contents>
      </logical_group>
      <logical_group id="lg-18d" display="no" color="cyan">
         <name>C14_GROUP</name>
         <run_address>0x0</run_address>
         <size>0x0</size>
         <contents>
            <logical_group_ref idref="lg-18e"/>
            <logical_group_ref idref="lg-18f"/>
            <logical_group_ref idref="lg-190"/>
            <logical_group_ref idref="lg-191"/>
         </contents>
      </logical_group>
      <logical_group id="lg-193" display="no" color="cyan">
         <name>.creg.DCAN1.noload.near</name>
         <run_address>0x0</run_address>
         <size>0x0</size>
         <contents>
         </contents>
      </logical_group>
      <logical_group id="lg-194" display="no" color="cyan">
         <name>.creg.DCAN1.near</name>
         <run_address>0x0</run_address>
         <size>0x0</size>
         <contents>
         </contents>
      </logical_group>
      <logical_group id="lg-195" display="no" color="cyan">
         <name>.creg.DCAN1.noload.far</name>
         <run_address>0x0</run_address>
         <size>0x0</size>
         <contents>
         </contents>
      </logical_group>
      <logical_group id="lg-196" display="no" color="cyan">
         <name>.creg.DCAN1.far</name>
         <run_address>0x0</run_address>
         <size>0x0</size>
         <contents>
         </contents>
      </logical_group>
      <logical_group id="lg-192" display="no" color="cyan">
         <name>C15_GROUP</name>
         <run_address>0x0</run_address>
         <size>0x0</size>
         <contents>
            <logical_group_ref idref="lg-193"/>
            <logical_group_ref idref="lg-194"/>
            <logical_group_ref idref="lg-195"/>
            <logical_group_ref idref="lg-196"/>
         </contents>
      </logical_group>
      <logical_group id="lg-198" display="no" color="cyan">
         <name>.creg.PWMSS0.noload.near</name>
         <run_address>0x0</run_address>
         <size>0x0</size>
         <contents>
         </contents>
      </logical_group>
      <logical_group id="lg-199" display="no" color="cyan">
         <name>.creg.PWMSS0.near</name>
         <run_address>0x0</run_address>
         <size>0x0</size>
         <contents>
         </contents>
      </logical_group>
      <logical_group id="lg-19a" display="no" color="cyan">
         <name>.creg.PWMSS0.noload.far</name>
         <run_address>0x0</run_address>
         <size>0x0</size>
         <contents>
         </contents>
      </logical_group>
      <logical_group id="lg-19b" display="no" color="cyan">
         <name>.creg.PWMSS0.far</name>
         <run_address>0x0</run_address>
         <size>0x0</size>
         <contents>
         </contents>
      </logical_group>
      <logical_group id="lg-197" display="no" color="cyan">
         <name>C18_GROUP</name>
         <run_address>0x0</run_address>
         <size>0x0</size>
         <contents>
            <logical_group_ref idref="lg-198"/>
            <logical_group_ref idref="lg-199"/>
            <logical_group_ref idref="lg-19a"/>
            <logical_group_ref idref="lg-19b"/>
         </contents>
      </logical_group>
      <logical_group id="lg-19d" display="no" color="cyan">
         <name>.creg.PWMSS1.noload.near</name>
         <run_address>0x0</run_address>
         <size>0x0</size>
         <contents>
         </contents>
      </logical_group>
      <logical_group id="lg-19e" display="no" color="cyan">
         <name>.creg.PWMSS1.near</name>
         <run_address>0x0</run_address>
         <size>0x0</size>
         <contents>
         </contents>
      </logical_group>
      <logical_group id="lg-19f" display="no" color="cyan">
         <name>.creg.PWMSS1.noload.far</name>
         <run_address>0x0</run_address>
         <size>0x0</size>
         <contents>
         </contents>
      </logical_group>
      <logical_group id="lg-1a0" display="no" color="cyan">
         <name>.creg.PWMSS1.far</name>
         <run_address>0x0</run_address>
         <size>0x0</size>
         <contents>
         </contents>
      </logical_group>
      <logical_group id="lg-19c" display="no" color="cyan">
         <name>C19_GROUP</name>
         <run_address>0x0</run_address>
         <size>0x0</size>
         <contents>
            <logical_group_ref idref="lg-19d"/>
            <logical_group_ref idref="lg-19e"/>
            <logical_group_ref idref="lg-19f"/>
            <logical_group_ref idref="lg-1a0"/>
         </contents>
      </logical_group>
      <logical_group id="lg-1a2" display="no" color="cyan">
         <name>.creg.PWMSS2.noload.near</name>
         <run_address>0x0</run_address>
         <size>0x0</size>
         <contents>
         </contents>
      </logical_group>
      <logical_group id="lg-1a3" display="no" color="cyan">
         <name>.creg.PWMSS2.near</name>
         <run_address>0x0</run_address>
         <size>0x0</size>
         <contents>
         </contents>
      </logical_group>
      <logical_group id="lg-1a4" display="no" color="cyan">
         <name>.creg.PWMSS2.noload.far</name>
         <run_address>0x0</run_address>
         <size>0x0</size>
         <contents>
         </contents>
      </logical_group>
      <logical_group id="lg-1a5" display="no" color="cyan">
         <name>.creg.PWMSS2.far</name>
         <run_address>0x0</run_address>
         <size>0x0</size>
         <contents>
         </contents>
      </logical_group>
      <logical_group id="lg-1a1" display="no" color="cyan">
         <name>C20_GROUP</name>
         <run_address>0x0</run_address>
         <size>0x0</size>
         <contents>
            <logical_group_ref idref="lg-1a2"/>
            <logical_group_ref idref="lg-1a3"/>
            <logical_group_ref idref="lg-1a4"/>
            <logical_group_ref idref="lg-1a5"/>
         </contents>
      </logical_group>
      <logical_group id="lg-1a7" display="no" color="cyan">
         <name>.creg.RSVD13.noload.near</name>
         <run_address>0x0</run_address>
         <size>0x0</size>
         <contents>
         </contents>
      </logical_group>
      <logical_group id="lg-1a8" display="no" color="cyan">
         <name>.creg.RSVD13.near</name>
         <run_address>0x0</run_address>
         <size>0x0</size>
         <contents>
         </contents>
      </logical_group>
      <logical_group id="lg-1a9" display="no" color="cyan">
         <name>.creg.RSVD13.noload.far</name>
         <run_address>0x0</run_address>
         <size>0x0</size>
         <contents>
         </contents>
      </logical_group>
      <logical_group id="lg-1aa" display="no" color="cyan">
         <name>.creg.RSVD13.far</name>
         <run_address>0x0</run_address>
         <size>0x0</size>
         <contents>
         </contents>
      </logical_group>
      <logical_group id="lg-1a6" display="no" color="cyan">
         <name>C13_GROUP</name>
         <run_address>0x0</run_address>
         <size>0x0</size>
         <contents>
            <logical_group_ref idref="lg-1a7"/>
            <logical_group_ref idref="lg-1a8"/>
            <logical_group_ref idref="lg-1a9"/>
            <logical_group_ref idref="lg-1aa"/>
         </contents>
      </logical_group>
      <logical_group id="lg-1ac" display="no" color="cyan">
         <name>.creg.RSVD10.noload.near</name>
         <run_address>0x0</run_address>
         <size>0x0</size>
         <contents>
         </contents>
      </logical_group>
      <logical_group id="lg-1ad" display="no" color="cyan">
         <name>.creg.RSVD10.near</name>
         <run_address>0x0</run_address>
         <size>0x0</size>
         <contents>
         </contents>
      </logical_group>
      <logical_group id="lg-1ae" display="no" color="cyan">
         <name>.creg.RSVD10.noload.far</name>
         <run_address>0x0</run_address>
         <size>0x0</size>
         <contents>
         </contents>
      </logical_group>
      <logical_group id="lg-1af" display="no" color="cyan">
         <name>.creg.RSVD10.far</name>
         <run_address>0x0</run_address>
         <size>0x0</size>
         <contents>
         </contents>
      </logical_group>
      <logical_group id="lg-1ab" display="no" color="cyan">
         <name>C10_GROUP</name>
         <run_address>0x0</run_address>
         <size>0x0</size>
         <contents>
            <logical_group_ref idref="lg-1ac"/>
            <logical_group_ref idref="lg-1ad"/>
            <logical_group_ref idref="lg-1ae"/>
            <logical_group_ref idref="lg-1af"/>
         </contents>
      </logical_group>
      <logical_group id="lg-1b1" display="no" color="cyan">
         <name>.creg.TPCC.noload.near</name>
         <run_address>0x0</run_address>
         <size>0x0</size>
         <contents>
         </contents>
      </logical_group>
      <logical_group id="lg-1b2" display="no" color="cyan">
         <name>.creg.TPCC.near</name>
         <run_address>0x0</run_address>
         <size>0x0</size>
         <contents>
         </contents>
      </logical_group>
      <logical_group id="lg-1b3" display="no" color="cyan">
         <name>.creg.TPCC.noload.far</name>
         <run_address>0x0</run_address>
         <size>0x0</size>
         <contents>
         </contents>
      </logical_group>
      <logical_group id="lg-1b4" display="no" color="cyan">
         <name>.creg.TPCC.far</name>
         <run_address>0x0</run_address>
         <size>0x0</size>
         <contents>
         </contents>
      </logical_group>
      <logical_group id="lg-1b0" display="no" color="cyan">
         <name>C29_GROUP</name>
         <run_address>0x0</run_address>
         <size>0x0</size>
         <contents>
            <logical_group_ref idref="lg-1b1"/>
            <logical_group_ref idref="lg-1b2"/>
            <logical_group_ref idref="lg-1b3"/>
            <logical_group_ref idref="lg-1b4"/>
         </contents>
      </logical_group>
      <logical_group id="lg-1b6" display="no" color="cyan">
         <name>.creg.GEMAC.noload.near</name>
         <run_address>0x0</run_address>
         <size>0x0</size>
         <contents>
         </contents>
      </logical_group>
      <logical_group id="lg-1b7" display="no" color="cyan">
         <name>.creg.GEMAC.near</name>
         <run_address>0x0</run_address>
         <size>0x0</size>
         <contents>
         </contents>
      </logical_group>
      <logical_group id="lg-1b8" display="no" color="cyan">
         <name>.creg.GEMAC.noload.far</name>
         <run_address>0x0</run_address>
         <size>0x0</size>
         <contents>
         </contents>
      </logical_group>
      <logical_group id="lg-1b9" display="no" color="cyan">
         <name>.creg.GEMAC.far</name>
         <run_address>0x0</run_address>
         <size>0x0</size>
         <contents>
         </contents>
      </logical_group>
      <logical_group id="lg-1b5" display="no" color="cyan">
         <name>C9_GROUP</name>
         <run_address>0x0</run_address>
         <size>0x0</size>
         <contents>
            <logical_group_ref idref="lg-1b6"/>
            <logical_group_ref idref="lg-1b7"/>
            <logical_group_ref idref="lg-1b8"/>
            <logical_group_ref idref="lg-1b9"/>
         </contents>
      </logical_group>
      <logical_group id="lg-1bb" display="no" color="cyan">
         <name>.creg.DDR.noload.near</name>
         <run_address>0x0</run_address>
         <size>0x0</size>
         <contents>
         </contents>
      </logical_group>
      <logical_group id="lg-1bc" display="no" color="cyan">
         <name>.creg.DDR.near</name>
         <run_address>0x0</run_address>
         <size>0x0</size>
         <contents>
         </contents>
      </logical_group>
      <logical_group id="lg-1bd" display="no" color="cyan">
         <name>.creg.DDR.noload.far</name>
         <run_address>0x0</run_address>
         <size>0x0</size>
         <contents>
         </contents>
      </logical_group>
      <logical_group id="lg-1be" display="no" color="cyan">
         <name>.creg.DDR.far</name>
         <run_address>0x0</run_address>
         <size>0x0</size>
         <contents>
         </contents>
      </logical_group>
      <logical_group id="lg-1ba" display="no" color="cyan">
         <name>C31_GROUP</name>
         <run_address>0x0</run_address>
         <size>0x0</size>
         <contents>
            <logical_group_ref idref="lg-1bb"/>
            <logical_group_ref idref="lg-1bc"/>
            <logical_group_ref idref="lg-1bd"/>
            <logical_group_ref idref="lg-1be"/>
         </contents>
      </logical_group>
      <logical_group id="lg-24d" display="never" color="cyan">
         <name>.debug_info</name>
         <load_address>0x0</load_address>
         <run_address>0x0</run_address>
         <size>0x2475</size>
         <contents>
            <object_component_ref idref="oc-62"/>
            <object_component_ref idref="oc-16"/>
            <object_component_ref idref="oc-19"/>
            <object_component_ref idref="oc-ca"/>
            <object_component_ref idref="oc-6d"/>
[...]
      </memory_area>
      <memory_area display="yes" color="green">
         <name>PRU_INTC</name>
         <page_id>0x2</page_id>
         <origin>0x20000</origin>
         <length>0x1504</length>
         <used_space>0x0</used_space>
         <unused_space>0x1504</unused_space>
         <attributes>RWIX</attributes>
         <usage_details>
         </usage_details>
      </memory_area>
      <memory_area display="no" color="green">
         <name>PRU_CFG</name>
         <page_id>0x2</page_id>
         <origin>0x26000</origin>
         <length>0x44</length>
         <used_space>0x0</used_space>
         <unused_space>0x44</unused_space>
         <attributes>RWIX</attributes>
         <usage_details>
         </usage_details>
      </memory_area>
      <memory_area display="no" color="green">
         <name>PRU_UART</name>
         <page_id>0x2</page_id>
         <origin>0x28000</origin>
         <length>0x38</length>
         <used_space>0x0</used_space>
         <unused_space>0x38</unused_space>
         <attributes>RWIX</attributes>
         <usage_details>
         </usage_details>
      </memory_area>
      <memory_area display="yes" color="green">
         <name>PRU_IEP</name>
         <page_id>0x2</page_id>
         <origin>0x2e000</origin>
         <length>0x31c</length>
         <used_space>0x0</used_space>
         <unused_space>0x31c</unused_space>
         <attributes>RWIX</attributes>
         <usage_details>
         </usage_details>
      </memory_area>
      <memory_area display="no" color="green">
         <name>PRU_ECAP</name>
         <page_id>0x2</page_id>
         <origin>0x30000</origin>
         <length>0x60</length>
         <used_space>0x0</used_space>
         <unused_space>0x60</unused_space>
         <attributes>RWIX</attributes>
         <usage_details>
         </usage_details>
      </memory_area>
      <memory_area display="yes" color="green">
         <name>RSVD27</name>
         <page_id>0x2</page_id>
         <origin>0x32000</origin>
         <length>0x100</length>
         <used_space>0x0</used_space>
         <unused_space>0x100</unused_space>
         <attributes>RWIX</attributes>
         <usage_details>
         </usage_details>
      </memory_area>
      <memory_area display="yes" color="green">
         <name>RSVD21</name>
         <page_id>0x2</page_id>
         <origin>0x32400</origin>
         <length>0x100</length>
         <used_space>0x0</used_space>
         <unused_space>0x100</unused_space>
         <attributes>RWIX</attributes>
         <usage_details>
         </usage_details>
      </memory_area>
      <memory_area display="yes" color="green">
         <name>L3OCMC</name>
         <page_id>0x2</page_id>
         <origin>0x40000000</origin>
         <length>0x10000</length>
         <used_space>0x0</used_space>
         <unused_space>0x10000</unused_space>
         <attributes>RWIX</attributes>
         <usage_details>
         </usage_details>
      </memory_area>
      <memory_area display="yes" color="green">
         <name>MCASP0_DMA</name>
         <page_id>0x2</page_id>
         <origin>0x46000000</origin>
         <length>0x100</length>
         <used_space>0x0</used_space>
         <unused_space>0x100</unused_space>
         <attributes>RWIX</attributes>
         <usage_details>
         </usage_details>
      </memory_area>
      <memory_area display="yes" color="green">
         <name>UART1</name>
         <page_id>0x2</page_id>
         <origin>0x48022000</origin>
         <length>0x88</length>
         <used_space>0x0</used_space>
         <unused_space>0x88</unused_space>
         <attributes>RWIX</attributes>
         <usage_details>
         </usage_details>
      </memory_area>
      <memory_area display="yes" color="green">
         <name>UART2</name>
         <page_id>0x2</page_id>
         <origin>0x48024000</origin>
         <length>0x88</length>
         <used_space>0x0</used_space>
         <unused_space>0x88</unused_space>
         <attributes>RWIX</attributes>
         <usage_details>
         </usage_details>
      </memory_area>
      <memory_area display="yes" color="green">
         <name>I2C1</name>
         <page_id>0x2</page_id>
         <origin>0x4802a000</origin>
         <length>0xd8</length>
         <used_space>0x0</used_space>
         <unused_space>0xd8</unused_space>
         <attributes>RWIX</attributes>
         <usage_details>
         </usage_details>
      </memory_area>
      <memory_area display="yes" color="green">
         <name>MCSPI0</name>
         <page_id>0x2</page_id>
         <origin>0x48030000</origin>
         <length>0x1a4</length>
         <used_space>0x0</used_space>
         <unused_space>0x1a4</unused_space>
         <attributes>RWIX</attributes>
         <usage_details>
         </usage_details>
      </memory_area>
      <memory_area display="no" color="green">
         <name>DMTIMER2</name>
         <page_id>0x2</page_id>
         <origin>0x48040000</origin>
         <length>0x5c</length>
         <used_space>0x0</used_space>
         <unused_space>0x5c</unused_space>
         <attributes>RWIX</attributes>
         <usage_details>
         </usage_details>
      </memory_area>
      <memory_area display="yes" color="green">
         <name>MMCHS0</name>
         <page_id>0x2</page_id>
         <origin>0x48060000</origin>
         <length>0x300</length>
         <used_space>0x0</used_space>
         <unused_space>0x300</unused_space>
         <attributes>RWIX</attributes>
         <usage_details>
         </usage_details>
      </memory_area>
      <memory_area display="yes" color="green">
         <name>MBX0</name>
         <page_id>0x2</page_id>
         <origin>0x480c8000</origin>
         <length>0x140</length>
         <used_space>0x0</used_space>
         <unused_space>0x140</unused_space>
         <attributes>RWIX</attributes>
         <usage_details>
         </usage_details>
      </memory_area>
      <memory_area display="yes" color="green">
         <name>SPINLOCK</name>
         <page_id>0x2</page_id>
         <origin>0x480ca000</origin>
         <length>0x880</length>
         <used_space>0x0</used_space>
         <unused_space>0x880</unused_space>
         <attributes>RWIX</attributes>
         <usage_details>
         </usage_details>
      </memory_area>
      <memory_area display="yes" color="green">
         <name>I2C2</name>
         <page_id>0x2</page_id>
         <origin>0x4819c000</origin>
         <length>0xd8</length>
         <used_space>0x0</used_space>
         <unused_space>0xd8</unused_space>
         <attributes>RWIX</attributes>
         <usage_details>
         </usage_details>
      </memory_area>
      <memory_area display="yes" color="green">
         <name>MCSPI1</name>
         <page_id>0x2</page_id>
         <origin>0x481a0000</origin>
         <length>0x1a4</length>
         <used_space>0x0</used_space>
         <unused_space>0x1a4</unused_space>
         <attributes>RWIX</attributes>
         <usage_details>
         </usage_details>
      </memory_area>
      <memory_area display="yes" color="green">
         <name>DCAN0</name>
         <page_id>0x2</page_id>
         <origin>0x481cc000</origin>
         <length>0x1e8</length>
         <used_space>0x0</used_space>
         <unused_space>0x1e8</unused_space>
         <attributes>RWIX</attributes>
         <usage_details>
         </usage_details>
      </memory_area>
      <memory_area display="yes" color="green">
         <name>DCAN1</name>
         <page_id>0x2</page_id>
         <origin>0x481d0000</origin>
         <length>0x1e8</length>
         <used_space>0x0</used_space>
         <unused_space>0x1e8</unused_space>
         <attributes>RWIX</attributes>
         <usage_details>
         </usage_details>
      </memory_area>
      <memory_area display="yes" color="green">
         <name>PWMSS0</name>
         <page_id>0x2</page_id>
         <origin>0x48300000</origin>
         <length>0x2c4</length>
         <used_space>0x0</used_space>
         <unused_space>0x2c4</unused_space>
         <attributes>RWIX</attributes>
         <usage_details>
         </usage_details>
      </memory_area>
      <memory_area display="yes" color="green">
         <name>PWMSS1</name>
         <page_id>0x2</page_id>
         <origin>0x48302000</origin>
         <length>0x2c4</length>
         <used_space>0x0</used_space>
         <unused_space>0x2c4</unused_space>
         <attributes>RWIX</attributes>
         <usage_details>
         </usage_details>
      </memory_area>
      <memory_area display="yes" color="green">
         <name>PWMSS2</name>
         <page_id>0x2</page_id>
         <origin>0x48304000</origin>
         <length>0x2c4</length>
         <used_space>0x0</used_space>
         <unused_space>0x2c4</unused_space>
         <attributes>RWIX</attributes>
         <usage_details>
         </usage_details>
      </memory_area>
      <memory_area display="yes" color="green">
         <name>RSVD13</name>
         <page_id>0x2</page_id>
         <origin>0x48310000</origin>
         <length>0x100</length>
         <used_space>0x0</used_space>
         <unused_space>0x100</unused_space>
         <attributes>RWIX</attributes>
         <usage_details>
         </usage_details>
      </memory_area>
      <memory_area display="yes" color="green">
         <name>RSVD10</name>
         <page_id>0x2</page_id>
         <origin>0x48318000</origin>
         <length>0x100</length>
         <used_space>0x0</used_space>
         <unused_space>0x100</unused_space>
         <attributes>RWIX</attributes>
         <usage_details>
         </usage_details>
      </memory_area>
      <memory_area display="yes" color="green">
         <name>TPCC</name>
         <page_id>0x2</page_id>
         <origin>0x49000000</origin>
         <length>0x1098</length>
         <used_space>0x0</used_space>
         <unused_space>0x1098</unused_space>
         <attributes>RWIX</attributes>
         <usage_details>
         </usage_details>
      </memory_area>
      <memory_area display="yes" color="green">
         <name>GEMAC</name>
         <page_id>0x2</page_id>
         <origin>0x4a100000</origin>
         <length>0x128c</length>
         <used_space>0x0</used_space>
         <unused_space>0x128c</unused_space>
         <attributes>RWIX</attributes>
         <usage_details>
         </usage_details>
      </memory_area>
      <memory_area display="yes" color="green">
         <name>DDR</name>
         <page_id>0x2</page_id>
         <origin>0x80000000</origin>
         <length>0x100</length>
         <used_space>0x0</used_space>
         <unused_space>0x100</unused_space>
         <attributes>RWIX</attributes>
         <usage_details>
         </usage_details>
      </memory_area>
   </placement_map>
   <symbol_table>
      <symbol id="sm-1">
         <name>__PRU_CREG_PRU_DMEM_0_1</name>
         <value>0x18</value>
      </symbol>
      <symbol id="sm-2">
         <name>__PRU_CREG_BASE_PRU_DMEM_0_1</name>
         <value>0x0</value>
      </symbol>
      <symbol id="sm-3">
         <name>__PRU_CREG_PRU_DMEM_1_0</name>
         <value>0x19</value>
      </symbol>
      <symbol id="sm-4">
         <name>__PRU_CREG_BASE_PRU_DMEM_1_0</name>
         <value>0x2000</value>
      </symbol>
      <symbol id="sm-5">
         <name>__PRU_CREG_PRU_SHAREDMEM</name>
         <value>0x1c</value>
      </symbol>
      <symbol id="sm-6">
         <name>__PRU_CREG_BASE_PRU_SHAREDMEM</name>
         <value>0x10000</value>
      </symbol>
      <symbol id="sm-7">
         <name>__PRU_CREG_PRU_INTC</name>
         <value>0x0</value>
      </symbol>
      <symbol id="sm-8">
         <name>__PRU_CREG_BASE_PRU_INTC</name>
         <value>0x20000</value>
      </symbol>
      <symbol id="sm-9">
         <name>__PRU_CREG_PRU_CFG</name>
         <value>0x4</value>
      </symbol>
      <symbol id="sm-a">
         <name>__PRU_CREG_BASE_PRU_CFG</name>
         <value>0x26000</value>
      </symbol>
      <symbol id="sm-b">
         <name>__PRU_CREG_PRU_UART</name>
         <value>0x7</value>
      </symbol>
      <symbol id="sm-c">
         <name>__PRU_CREG_BASE_PRU_UART</name>
         <value>0x28000</value>
      </symbol>
      <symbol id="sm-d">
         <name>__PRU_CREG_PRU_IEP</name>
         <value>0x1a</value>
      </symbol>
      <symbol id="sm-e">
         <name>__PRU_CREG_BASE_PRU_IEP</name>
         <value>0x2e000</value>
      </symbol>
      <symbol id="sm-f">
         <name>__PRU_CREG_PRU_ECAP</name>
         <value>0x3</value>
      </symbol>
      <symbol id="sm-10">
         <name>__PRU_CREG_BASE_PRU_ECAP</name>
         <value>0x30000</value>
      </symbol>
      <symbol id="sm-11">
         <name>__PRU_CREG_RSVD27</name>
         <value>0x1b</value>
      </symbol>
      <symbol id="sm-12">
         <name>__PRU_CREG_BASE_RSVD27</name>
         <value>0x32000</value>
      </symbol>
      <symbol id="sm-13">
         <name>__PRU_CREG_RSVD21</name>
         <value>0x15</value>
      </symbol>
      <symbol id="sm-14">
         <name>__PRU_CREG_BASE_RSVD21</name>
         <value>0x32400</value>
      </symbol>
      <symbol id="sm-15">
         <name>__PRU_CREG_L3OCMC</name>
         <value>0x1e</value>
      </symbol>
      <symbol id="sm-16">
         <name>__PRU_CREG_BASE_L3OCMC</name>
         <value>0x40000000</value>
      </symbol>
      <symbol id="sm-17">
         <name>__PRU_CREG_MCASP0_DMA</name>
         <value>0x8</value>
      </symbol>
      <symbol id="sm-18">
         <name>__PRU_CREG_BASE_MCASP0_DMA</name>
         <value>0x46000000</value>
      </symbol>
      <symbol id="sm-19">
         <name>__PRU_CREG_UART1</name>
         <value>0xb</value>
      </symbol>
      <symbol id="sm-1a">
         <name>__PRU_CREG_BASE_UART1</name>
         <value>0x48022000</value>
      </symbol>
      <symbol id="sm-1b">
         <name>__PRU_CREG_UART2</name>
         <value>0xc</value>
      </symbol>
      <symbol id="sm-1c">
         <name>__PRU_CREG_BASE_UART2</name>
         <value>0x48024000</value>
      </symbol>
      <symbol id="sm-1d">
         <name>__PRU_CREG_I2C1</name>
         <value>0x2</value>
      </symbol>
      <symbol id="sm-1e">
         <name>__PRU_CREG_BASE_I2C1</name>
         <value>0x4802a000</value>
      </symbol>
      <symbol id="sm-1f">
         <name>__PRU_CREG_MCSPI0</name>
         <value>0x6</value>
      </symbol>
      <symbol id="sm-20">
         <name>__PRU_CREG_BASE_MCSPI0</name>
         <value>0x48030000</value>
      </symbol>
      <symbol id="sm-21">
         <name>__PRU_CREG_DMTIMER2</name>
         <value>0x1</value>
      </symbol>
      <symbol id="sm-22">
         <name>__PRU_CREG_BASE_DMTIMER2</name>
         <value>0x48040000</value>
      </symbol>
      <symbol id="sm-23">
         <name>__PRU_CREG_MMCHS0</name>
         <value>0x5</value>
      </symbol>
      <symbol id="sm-24">
         <name>__PRU_CREG_BASE_MMCHS0</name>
         <value>0x48060000</value>
      </symbol>
      <symbol id="sm-25">
         <name>__PRU_CREG_MBX0</name>
         <value>0x16</value>
      </symbol>
      <symbol id="sm-26">
         <name>__PRU_CREG_BASE_MBX0</name>
         <value>0x480c8000</value>
      </symbol>
      <symbol id="sm-27">
         <name>__PRU_CREG_SPINLOCK</name>
         <value>0x17</value>
      </symbol>
      <symbol id="sm-28">
         <name>__PRU_CREG_BASE_SPINLOCK</name>
         <value>0x480ca000</value>
      </symbol>
      <symbol id="sm-29">
         <name>__PRU_CREG_I2C2</name>
         <value>0x11</value>
      </symbol>
      <symbol id="sm-2a">
         <name>__PRU_CREG_BASE_I2C2</name>
         <value>0x4819c000</value>
      </symbol>
      <symbol id="sm-2b">
         <name>__PRU_CREG_MCSPI1</name>
         <value>0x10</value>
      </symbol>
      <symbol id="sm-2c">
         <name>__PRU_CREG_BASE_MCSPI1</name>
         <value>0x481a0000</value>
      </symbol>
      <symbol id="sm-2d">
         <name>__PRU_CREG_DCAN0</name>
         <value>0xe</value>
      </symbol>
      <symbol id="sm-2e">
         <name>__PRU_CREG_BASE_DCAN0</name>
         <value>0x481cc000</value>
      </symbol>
      <symbol id="sm-2f">
         <name>__PRU_CREG_DCAN1</name>
         <value>0xf</value>
      </symbol>
      <symbol id="sm-30">
         <name>__PRU_CREG_BASE_DCAN1</name>
         <value>0x481d0000</value>
      </symbol>
      <symbol id="sm-31">
         <name>__PRU_CREG_PWMSS0</name>
         <value>0x12</value>
      </symbol>
      <symbol id="sm-32">
         <name>__PRU_CREG_BASE_PWMSS0</name>
         <value>0x48300000</value>
      </symbol>
      <symbol id="sm-33">
         <name>__PRU_CREG_PWMSS1</name>
         <value>0x13</value>
      </symbol>
      <symbol id="sm-34">
         <name>__PRU_CREG_BASE_PWMSS1</name>
         <value>0x48302000</value>
      </symbol>
      <symbol id="sm-35">
         <name>__PRU_CREG_PWMSS2</name>
         <value>0x14</value>
      </symbol>
      <symbol id="sm-36">
         <name>__PRU_CREG_BASE_PWMSS2</name>
         <value>0x48304000</value>
      </symbol>
      <symbol id="sm-37">
         <name>__PRU_CREG_RSVD13</name>
         <value>0xd</value>
      </symbol>
      <symbol id="sm-38">
         <name>__PRU_CREG_BASE_RSVD13</name>
         <value>0x48310000</value>
      </symbol>
      <symbol id="sm-39">
         <name>__PRU_CREG_RSVD10</name>
         <value>0xa</value>
      </symbol>
      <symbol id="sm-3a">
         <name>__PRU_CREG_BASE_RSVD10</name>
         <value>0x48318000</value>
      </symbol>
      <symbol id="sm-3b">
         <name>__PRU_CREG_TPCC</name>
         <value>0x1d</value>
      </symbol>
      <symbol id="sm-3c">
         <name>__PRU_CREG_BASE_TPCC</name>
         <value>0x49000000</value>
      </symbol>
      <symbol id="sm-3d">
         <name>__PRU_CREG_GEMAC</name>
         <value>0x9</value>
      </symbol>
      <symbol id="sm-3e">
         <name>__PRU_CREG_BASE_GEMAC</name>
         <value>0x4a100000</value>
      </symbol>
      <symbol id="sm-3f">
         <name>__PRU_CREG_DDR</name>
         <value>0x1f</value>
      </symbol>
      <symbol id="sm-40">
         <name>__PRU_CREG_BASE_DDR</name>
         <value>0x80000000</value>
      </symbol>
      <symbol id="sm-41">
         <name>__TI_STACK_SIZE</name>
         <value>0x100</value>
      </symbol>
      <symbol id="sm-42">
         <name>__TI_STACK_END</name>
         <value>0x100</value>
      </symbol>
      <symbol id="sm-43">
         <name>__c_args__</name>
         <value>0xffffffff</value>
      </symbol>
      <symbol id="sm-14a">
         <name>readADC</name>
         <value>0x1c</value>
         <object_component_ref idref="oc-57"/>
      </symbol>
      <symbol id="sm-14b">
         <name>memset</name>
         <value>0x3bc</value>
         <object_component_ref idref="oc-c0"/>
      </symbol>
      <symbol id="sm-14c">
         <name>main</name>
         <value>0x1f0</value>
         <object_component_ref idref="oc-3e"/>
      </symbol>
      <symbol id="sm-14d">
         <name>pru_remoteproc_ResourceTable</name>
         <value>0x100</value>
         <object_component_ref idref="oc-12"/>
      </symbol>
      <symbol id="sm-156">
         <name>my_delay_cycles</name>
         <value>0x3d4</value>
         <object_component_ref idref="oc-61"/>
      </symbol>
      <symbol id="sm-165">
         <name>_c_int00_noinit_noargs</name>
         <value>0x0</value>
         <object_component_ref idref="oc-18"/>
      </symbol>
      <symbol id="sm-166">
         <name>_stack</name>
         <value>0x0</value>
         <object_component_ref idref="oc-15"/>
      </symbol>
      <symbol id="sm-17a">
         <name>C$$EXIT</name>
         <value>0x3e8</value>
         <object_component_ref idref="oc-c9"/>
      </symbol>
      <symbol id="sm-17b">
         <name>abort</name>
         <value>0x3e0</value>
         <object_component_ref idref="oc-6c"/>
      </symbol>
   </symbol_table>
   <title>Link successful</title>
</link_info>
